[zoyothemes.com/eagle/index.html]
[backblue.gif]
[fade.gif]
[index.html]
[zoyothemes.com/eagle/images/favicon.ico]
[zoyothemes.com/eagle/css/bootstrap.min.css]
[zoyothemes.com/eagle/css/materialdesignicons.min.css]
[zoyothemes.com/eagle/css/pe-icon-7-stroke.css]
[zoyothemes.com/eagle/css/style.css]
[zoyothemes.com/eagle/about.html]
[zoyothemes.com/eagle/services.html]
[zoyothemes.com/eagle/work.html]
[zoyothemes.com/eagle/blog.html]
[zoyothemes.com/eagle/contact.html]
[zoyothemes.com/eagle/images/works/img1.jpg]
[zoyothemes.com/eagle/images/works/img2.jpg]
[zoyothemes.com/eagle/images/works/img3.jpg]
[zoyothemes.com/eagle/images/works/img5.jpg]
[zoyothemes.com/eagle/images/works/img6.jpg]
[zoyothemes.com/eagle/images/works/img4.jpg]
[zoyothemes.com/eagle/images/works/img7.jpg]
[zoyothemes.com/eagle/images/works/img8.jpg]
[zoyothemes.com/eagle/images/works/img9.jpg]
[zoyothemes.com/eagle/images/works/img10.jpg]
[zoyothemes.com/eagle/images/logo.png]
[zoyothemes.com/eagle/js/jquery.min.js]
[zoyothemes.com/eagle/js/bootstrap.bundle.min.js]
[zoyothemes.com/eagle/js/isotope.pkgd.min.js]
[zoyothemes.com/eagle/js/portfolio-filter.js]
[zoyothemes.com/eagle/index.html]
[zoyothemes.com/eagle/css/bootstrap.min.css]
[zoyothemes.com/eagle/js/app.js]
[zoyothemes.com/eagle/fonts/materialdesignicons-webfontb43a.eot]
[zoyothemes.com/eagle/fonts/materialdesignicons-webfontd41d.eot]
[zoyothemes.com/eagle/fonts/materialdesignicons-webfontb43a.woff2]
[zoyothemes.com/eagle/fonts/materialdesignicons-webfontb43a.woff]
[zoyothemes.com/eagle/fonts/materialdesignicons-webfontb43a.ttf]
[zoyothemes.com/eagle/fonts/materialdesignicons-webfontb43a.svg]
[zoyothemes.com/eagle/css/materialdesignicons.min.css]
[zoyothemes.com/eagle/fonts/Pe-icon-7-strokebb1d.eot]
[zoyothemes.com/eagle/fonts/Pe-icon-7-stroked41d.eot]
[zoyothemes.com/eagle/fonts/Pe-icon-7-strokebb1d.woff]
[zoyothemes.com/eagle/fonts/Pe-icon-7-strokebb1d.ttf]
[zoyothemes.com/eagle/css/pe-icon-7-stroke.css]
[zoyothemes.com/eagle/fonts/Pe-icon-7-strokebb1d.svg]
[zoyothemes.com/eagle/images/pattern.png]
[zoyothemes.com/eagle/css/style.css]
[zoyothemes.com/eagle/images/bg.jpg]
[zoyothemes.com/eagle/images/user-1.png]
[zoyothemes.com/eagle/images/team/team-1.jpg]
[zoyothemes.com/eagle/images/team/team-2.jpg]
[zoyothemes.com/eagle/images/team/team-3.jpg]
[zoyothemes.com/eagle/about.html]
[zoyothemes.com/eagle/images/clients/clients-1.png]
[zoyothemes.com/eagle/images/clients/clients-2.png]
[zoyothemes.com/eagle/images/clients/clients-3.png]
[zoyothemes.com/eagle/images/clients/clients-4.png]
[zoyothemes.com/eagle/images/clients/clients-5.png]
[zoyothemes.com/eagle/images/clients/clients-6.png]
[zoyothemes.com/eagle/services.html]
[zoyothemes.com/eagle/work.html]
[zoyothemes.com/eagle/blog-single.html]
[zoyothemes.com/eagle/images/blog/blog-1.jpg]
[zoyothemes.com/eagle/images/blog/blog-2.jpg]
[zoyothemes.com/eagle/images/blog/blog-3.jpg]
[zoyothemes.com/eagle/images/blog/blog-4.jpg]
[zoyothemes.com/eagle/images/blog/blog-5.jpg]
[zoyothemes.com/eagle/blog.html]
[zoyothemes.com/eagle/contact.html]
[zoyothemes.com/eagle/js/jquery.min.js]
[zoyothemes.com/eagle/js/bootstrap.bundle.min.js]
[zoyothemes.com/eagle/js/isotope.pkgd.min.js]
[zoyothemes.com/eagle/js/portfolio-filter.js]
[zoyothemes.com/eagle/js/app.js]
[zoyothemes.com/eagle/fonts/materialdesignicons-webfontb43a.svg]
[zoyothemes.com/eagle/fonts/Pe-icon-7-strokebb1d.svg]
[zoyothemes.com/eagle/blog-single.html]
